// Jest Snapshot v1, https://goo.gl/fbAQLP

exports[`<NotFound /> should match snapshot 1`] = `
<h2
  style="text-align: center;"
>
  404 - Página não encontrada
</h2>
`;
